     VMA      LMA     Size Align Out     In      Symbol
       0        0 80200000     1 . = 0x80200000
80200000        0        0     1 __kernel_base = .
80200000 80200000     10fa     4 .text
80200000 80200000        e     2         /tmp/kernel-41a654.o:(.text.boot)
80200000 80200000        0     1                 
80200000 80200000        0     1                 
80200000 80200000        0     1                 $x.1
80200000 80200000        0     1                 
80200000 80200000        e     1                 boot
8020000e 8020000e        0     1                 
8020000e 8020000e        0     1                 
80200010 80200010      dd2     4         /tmp/kernel-41a654.o:(.text)
80200010 80200010        0     1                 
80200010 80200010        0     1                 
80200010 80200010        0     1                 $x.0
80200010 80200010        0     1                 
80200010 80200010      1c6     1                 virtio_blk_init
8020001c 8020001c        0     1                 
8020001c 8020001c        0     1                 
80200026 80200026        0     1                 
8020002a 8020002a        0     1                 
8020002a 8020002a        0     1                 
8020002e 8020002e        0     1                 
80200032 80200032        0     1                 
80200036 80200036        0     1                 
80200036 80200036        0     1                 
8020003a 8020003a        0     1                 
8020003e 8020003e        0     1                 
8020003e 8020003e        0     1                 
80200042 80200042        0     1                 
80200042 80200042        0     1                 
80200044 80200044        0     1                 
80200048 80200048        0     1                 
80200048 80200048        0     1                 
8020004a 8020004a        0     1                 
8020004a 8020004a        0     1                 
8020004c 8020004c        0     1                 
80200050 80200050        0     1                 
80200050 80200050        0     1                 
80200054 80200054        0     1                 
80200054 80200054        0     1                 
80200056 80200056        0     1                 
80200056 80200056        0     1                 
8020005e 8020005e        0     1                 
8020005e 8020005e        0     1                 
80200060 80200060        0     1                 
80200062 80200062        0     1                 
8020006a 8020006a        0     1                 
8020006e 8020006e        0     1                 
80200072 80200072        0     1                 
8020008a 8020008a        0     1                 
8020008a 8020008a        0     1                 .LBB0_5
8020008c 8020008c        0     1                 .LBB0_6
8020008c 8020008c        0     1                 
8020008c 8020008c        0     1                 
802000a2 802000a2        0     1                 
802000a2 802000a2        0     1                 .LBB0_7
802000a4 802000a4        0     1                 .LBB0_8
802000a4 802000a4        0     1                 
802000bc 802000bc        0     1                 
802000bc 802000bc        0     1                 .LBB0_9
802000be 802000be        0     1                 .LBB0_10
802000be 802000be        0     1                 
802000d6 802000d6        0     1                 
802000d6 802000d6        0     1                 .LBB0_11
802000d8 802000d8        0     1                 .LBB0_12
802000d8 802000d8        0     1                 
802000d8 802000d8        0     1                 
802000e2 802000e2        0     1                 
802000e2 802000e2        0     1                 
802000e4 802000e4        0     1                 
802000e4 802000e4        0     1                 
802000ea 802000ea        0     1                 
802000f2 802000f2        0     1                 
802000f4 802000f4        0     1                 
802000fc 802000fc        0     1                 
802000fc 802000fc        0     1                 
80200102 80200102        0     1                 
80200102 80200102        0     1                 
80200104 80200104        0     1                 
80200108 80200108        0     1                 
80200108 80200108        0     1                 
8020010a 8020010a        0     1                 
8020010a 8020010a        0     1                 
80200114 80200114        0     1                 
80200114 80200114        0     1                 
80200116 80200116        0     1                 
80200116 80200116        0     1                 
8020011e 8020011e        0     1                 
8020012a 8020012a        0     1                 
80200132 80200132        0     1                 
80200134 80200134        0     1                 
80200138 80200138        0     1                 
8020013a 8020013a        0     1                 
8020013a 8020013a        0     1                 
80200146 80200146        0     1                 
80200146 80200146        0     1                 
8020014e 8020014e        0     1                 
8020014e 8020014e        0     1                 
80200150 80200150        0     1                 
80200158 80200158        0     1                 
8020015c 8020015c        0     1                 
80200160 80200160        0     1                 
80200178 80200178        0     1                 
80200178 80200178        0     1                 .LBB0_16
8020017a 8020017a        0     1                 .LBB0_17
8020017a 8020017a        0     1                 
8020017a 8020017a        0     1                 
80200194 80200194        0     1                 
80200194 80200194        0     1                 .LBB0_18
80200196 80200196        0     1                 .LBB0_19
80200196 80200196        0     1                 
80200196 80200196        0     1                 
802001b0 802001b0        0     1                 
802001b0 802001b0        0     1                 .LBB0_20
802001b2 802001b2        0     1                 .LBB0_21
802001b2 802001b2        0     1                 
802001b2 802001b2        0     1                 
802001bc 802001bc        0     1                 
802001bc 802001bc        0     1                 
802001c4 802001c4        0     1                 
802001d0 802001d0        0     1                 
802001d0 802001d0        0     1                 
802001d2 802001d2        0     1                 
802001d6 802001d6        0     1                 
802001d6 802001d6        0     1                 
802001d6 802001d6        0     1                 
802001d6 802001d6        0     1                 
802001d6 802001d6        0     1                 
802001d6 802001d6        a     1                 virtio_reg_read32
802001dc 802001dc        0     1                 
802001dc 802001dc        0     1                 
802001de 802001de        0     1                 
802001e0 802001e0        0     1                 
802001e0 802001e0        0     1                 
802001e0 802001e0        0     1                 
802001e0 802001e0        a     1                 virtio_reg_write32
802001e6 802001e6        0     1                 
802001e6 802001e6        0     1                 
802001e8 802001e8        0     1                 
802001ea 802001ea        0     1                 
802001ea 802001ea        0     1                 
802001ea 802001ea        0     1                 
802001ea 802001ea        e     1                 virtio_reg_fetch_and_or32
802001f0 802001f0        0     1                 
802001f0 802001f0        0     1                 
802001f2 802001f2        0     1                 
802001f4 802001f4        0     1                 
802001f4 802001f4        0     1                 
802001f6 802001f6        0     1                 
802001f8 802001f8        0     1                 
802001f8 802001f8        0     1                 
802001f8 802001f8        0     1                 
802001f8 802001f8       96     1                 virtq_init
80200200 80200200        0     1                 
80200200 80200200        0     1                 
80200208 80200208        0     1                 
80200208 80200208        0     1                 
8020020a 8020020a        0     1                 
8020020c 8020020c        0     1                 
8020020e 8020020e        0     1                 
80200216 80200216        0     1                 
8020021a 8020021a        0     1                 
8020021e 8020021e        0     1                 
80200236 80200236        0     1                 
80200236 80200236        0     1                 .LBB4_2
80200238 80200238        0     1                 .LBB4_3
80200238 80200238        0     1                 
80200242 80200242        0     1                 
80200242 80200242        0     1                 
80200244 80200244        0     1                 
80200244 80200244        0     1                 
8020024a 8020024a        0     1                 
80200250 80200250        0     1                 
80200252 80200252        0     1                 
8020025a 8020025a        0     1                 
8020025a 8020025a        0     1                 
8020025e 8020025e        0     1                 
8020025e 8020025e        0     1                 
80200260 80200260        0     1                 
80200264 80200264        0     1                 
80200264 80200264        0     1                 
80200266 80200266        0     1                 
8020026c 8020026c        0     1                 
8020026c 8020026c        0     1                 
8020026e 8020026e        0     1                 
8020026e 8020026e        0     1                 
80200272 80200272        0     1                 .LBB4_5
80200272 80200272        0     1                 
80200272 80200272        0     1                 
8020028c 8020028c        0     1                 
8020028c 8020028c        0     1                 .LBB4_6
8020028e 8020028e        0     1                 
8020028e 8020028e        0     1                 
8020028e 8020028e        0     1                 
8020028e 8020028e        0     1                 
8020028e 8020028e        0     1                 
8020028e 8020028e        c     1                 virtio_reg_read64
80200292 80200292        0     1                 
80200294 80200294        0     1                 
80200294 80200294        0     1                 
80200298 80200298        0     1                 
8020029a 8020029a        0     1                 
8020029a 8020029a        0     1                 
8020029a 8020029a        0     1                 
8020029a 8020029a       70     1                 alloc_pages
802002a0 802002a0        0     1                 
802002a2 802002a2        0     1                 
802002aa 802002aa        0     1                 
802002aa 802002aa        0     1                 
802002ae 802002ae        0     1                 
802002b2 802002b2        0     1                 
802002b2 802002b2        0     1                 
802002ba 802002ba        0     1                 
802002be 802002be        0     1                 
802002c2 802002c2        0     1                 
802002da 802002da        0     1                 
802002da 802002da        0     1                 .LBB6_3
802002dc 802002dc        0     1                 .LBB6_4
802002dc 802002dc        0     1                 
802002dc 802002dc        0     1                 
802002e0 802002e0        0     1                 
802002f6 802002f6        0     1                 
802002f6 802002f6        0     1                 .LBB6_5
802002f8 802002f8        0     1                 .LBB6_6
802002f8 802002f8        0     1                 
802002f8 802002f8        0     1                 
80200300 80200300        0     1                 
80200300 80200300        0     1                 
80200306 80200306        0     1                 
80200306 80200306        0     1                 
8020030a 8020030a        0     1                 
8020030a 8020030a        0     1                 
8020030a 8020030a        0     1                 
8020030a 8020030a        0     1                 
8020030a 8020030a        0     1                 
8020030a 8020030a       14     1                 user_entry
80200312 80200312        0     1                 
8020031e 8020031e        0     1                 
8020031e 8020031e        0     1                 
8020031e 8020031e        0     1                 
8020031e 8020031e      298     1                 create_process
8020033a 8020033a        0     1                 
80200346 80200346        0     1                 
80200346 80200346        0     1                 
80200348 80200348        0     1                 
80200348 80200348        0     1                 
8020034a 8020034a        0     1                 
8020034a 8020034a        0     1                 
80200350 80200350        0     1                 
80200352 80200352        0     1                 
80200352 80200352        0     1                 
80200360 80200360        0     1                 
80200362 80200362        0     1                 
80200362 80200362        0     1                 
80200368 80200368        0     1                 
8020036a 8020036a        0     1                 
8020036a 8020036a        0     1                 
80200378 80200378        0     1                 
8020037a 8020037a        0     1                 
8020037a 8020037a        0     1                 
80200380 80200380        0     1                 
80200382 80200382        0     1                 
80200382 80200382        0     1                 
80200390 80200390        0     1                 
80200392 80200392        0     1                 
80200392 80200392        0     1                 
80200398 80200398        0     1                 
8020039a 8020039a        0     1                 
8020039a 8020039a        0     1                 
802003b2 802003b2        0     1                 
802003b2 802003b2        0     1                 .LBB8_9
802003b4 802003b4        0     1                 .LBB8_10
802003b4 802003b4        0     1                 
802003b4 802003b4        0     1                 
802003b8 802003b8        0     1                 .LBB8_11
802003b8 802003b8        0     1                 
802003bc 802003bc        0     1                 .LBB8_12
802003bc 802003bc        0     1                 
802003c0 802003c0        0     1                 .LBB8_13
802003c0 802003c0        0     1                 
802003c4 802003c4        0     1                 .LBB8_14
802003c4 802003c4        0     1                 
802003c8 802003c8        0     1                 .LBB8_15
802003c8 802003c8        0     1                 
802003cc 802003cc        0     1                 .LBB8_16
802003cc 802003cc        0     1                 
802003d0 802003d0        0     1                 .LBB8_17
802003d0 802003d0        0     1                 
802003d2 802003d2        0     1                 .LBB8_18
802003d2 802003d2        0     1                 
802003d2 802003d2        0     1                 
802003e0 802003e0        0     1                 
802003e6 802003e6        0     1                 
802003ea 802003ea        0     1                 
802003ee 802003ee        0     1                 
802003f2 802003f2        0     1                 
802003f6 802003f6        0     1                 
802003fa 802003fa        0     1                 
802003fe 802003fe        0     1                 
80200402 80200402        0     1                 
80200406 80200406        0     1                 
8020040a 8020040a        0     1                 
8020040e 8020040e        0     1                 
80200412 80200412        0     1                 
8020041a 8020041a        0     1                 
8020041e 8020041e        0     1                 
8020041e 8020041e        0     1                 
80200422 80200422        0     1                 
80200422 80200422        0     1                 
8020042a 8020042a        0     1                 
8020042a 8020042a        0     1                 
80200432 80200432        0     1                 
80200432 80200432        0     1                 
80200434 80200434        0     1                 
8020043c 8020043c        0     1                 
80200444 80200444        0     1                 
8020045c 8020045c        0     1                 
8020045c 8020045c        0     1                 .LBB8_20
8020045e 8020045e        0     1                 .LBB8_21
8020045e 8020045e        0     1                 
8020045e 8020045e        0     1                 
80200460 80200460        0     1                 
80200462 80200462        0     1                 
8020046e 8020046e        0     1                 
8020046e 8020046e        0     1                 
8020047a 8020047a        0     1                 
8020047a 8020047a        0     1                 
80200482 80200482        0     1                 
80200482 80200482        0     1                 .LBB8_23
80200482 80200482        0     1                 
8020048c 8020048c        0     1                 
8020048c 8020048c        0     1                 
8020048e 8020048e        0     1                 
80200492 80200492        0     1                 .LBB8_24
80200492 80200492        0     1                 
80200492 80200492        0     1                 
80200496 80200496        0     1                 
8020049a 8020049a        0     1                 
8020049a 8020049a        0     1                 
8020049c 8020049c        0     1                 
8020049c 8020049c        0     1                 
802004a4 802004a4        0     1                 
802004a4 802004a4        0     1                 
802004a6 802004a6        0     1                 
802004a8 802004a8        0     1                 
802004b0 802004b0        0     1                 
802004b4 802004b4        0     1                 
802004b8 802004b8        0     1                 
802004d0 802004d0        0     1                 
802004d0 802004d0        0     1                 .LBB8_27
802004d2 802004d2        0     1                 .LBB8_28
802004d2 802004d2        0     1                 
802004dc 802004dc        0     1                 
802004dc 802004dc        0     1                 
802004de 802004de        0     1                 
802004e2 802004e2        0     1                 
802004e4 802004e4        0     1                 
802004e8 802004e8        0     1                 .LBB8_29
802004e8 802004e8        0     1                 
802004e8 802004e8        0     1                 
802004ec 802004ec        0     1                 
802004ec 802004ec        0     1                 
802004f4 802004f4        0     1                 
802004f6 802004f6        0     1                 
802004f6 802004f6        0     1                 
802004fa 802004fa        0     1                 
802004fa 802004fa        0     1                 
80200514 80200514        0     1                 
80200514 80200514        0     1                 .LBB8_31
80200514 80200514        0     1                 
80200518 80200518        0     1                 
8020051e 8020051e        0     1                 
8020051e 8020051e        0     1                 
80200522 80200522        0     1                 
8020052a 8020052a        0     1                 
8020052a 8020052a        0     1                 
8020052c 8020052c        0     1                 
8020052c 8020052c        0     1                 
80200534 80200534        0     1                 
80200538 80200538        0     1                 .LBB8_32
80200538 80200538        0     1                 
80200538 80200538        0     1                 
8020053c 8020053c        0     1                 
8020053c 8020053c        0     1                 
80200544 80200544        0     1                 
80200548 80200548        0     1                 
80200552 80200552        0     1                 
80200552 80200552        0     1                 
80200554 80200554        0     1                 
80200554 80200554        0     1                 
80200558 80200558        0     1                 
80200558 80200558        0     1                 
8020055c 8020055c        0     1                 .LBB8_35
8020055c 8020055c        0     1                 
80200568 80200568        0     1                 
80200568 80200568        0     1                 
8020056a 8020056a        0     1                 
80200570 80200570        0     1                 
80200574 80200574        0     1                 
80200576 80200576        0     1                 
8020057a 8020057a        0     1                 
80200586 80200586        0     1                 
80200586 80200586        0     1                 
8020058c 8020058c        0     1                 
80200590 80200590        0     1                 
80200598 80200598        0     1                 
8020059c 8020059c        0     1                 .LBB8_36
8020059c 8020059c        0     1                 
8020059c 8020059c        0     1                 
802005b4 802005b4        0     1                 
802005b4 802005b4        0     1                 .LBB8_37
802005b6 802005b6        0     1                 
802005b6 802005b6        0     1                 
802005b6 802005b6        0     1                 
802005b6 802005b6        0     1                 
802005b6 802005b6        0     1                 
802005b6 802005b6        0     1                 
802005b6 802005b6       e4     1                 map_page
802005c4 802005c4        0     1                 
802005ca 802005ca        0     1                 
802005ce 802005ce        0     1                 
802005d6 802005d6        0     1                 
802005de 802005de        0     1                 
802005e0 802005e0        0     1                 
802005e4 802005e4        0     1                 
802005e4 802005e4        0     1                 .LBB9_2
802005e6 802005e6        0     1                 .LBB9_3
802005e6 802005e6        0     1                 
802005e6 802005e6        0     1                 
802005ea 802005ea        0     1                 
802005ec 802005ec        0     1                 
802005ee 802005ee        0     1                 
802005f2 802005f2        0     1                 
802005fa 802005fa        0     1                 
80200602 80200602        0     1                 
80200604 80200604        0     1                 
80200608 80200608        0     1                 
80200608 80200608        0     1                 .LBB9_5
8020060a 8020060a        0     1                 .LBB9_6
8020060a 8020060a        0     1                 
8020060a 8020060a        0     1                 
80200616 80200616        0     1                 
80200616 80200616        0     1                 
8020061a 8020061a        0     1                 
8020061c 8020061c        0     1                 
8020061c 8020061c        0     1                 
80200624 80200624        0     1                 
80200624 80200624        0     1                 
80200626 80200626        0     1                 
80200628 80200628        0     1                 
80200630 80200630        0     1                 
80200634 80200634        0     1                 
80200638 80200638        0     1                 
80200644 80200644        0     1                 
8020064c 8020064c        0     1                 
80200650 80200650        0     1                 
80200650 80200650        0     1                 .LBB9_9
80200652 80200652        0     1                 .LBB9_10
80200652 80200652        0     1                 
80200652 80200652        0     1                 
80200654 80200654        0     1                 
80200654 80200654        0     1                 
8020065a 8020065a        0     1                 
8020065e 8020065e        0     1                 
80200662 80200662        0     1                 
80200662 80200662        0     1                 
80200668 80200668        0     1                 
80200668 80200668        0     1                 
8020066a 8020066a        0     1                 
8020066e 8020066e        0     1                 
80200670 80200670        0     1                 
80200672 80200672        0     1                 .LBB9_11
80200672 80200672        0     1                 
80200672 80200672        0     1                 
80200676 80200676        0     1                 
80200676 80200676        0     1                 
80200678 80200678        0     1                 
8020067e 8020067e        0     1                 
80200688 80200688        0     1                 
80200688 80200688        0     1                 
80200696 80200696        0     1                 
8020069a 8020069a        0     1                 
8020069a 8020069a        0     1                 
8020069a 8020069a        0     1                 
8020069a 8020069a        0     1                 
8020069a 8020069a        0     1                 
8020069a 8020069a       10     1                 delay
802006a2 802006a2        0     1                 .LBB10_1
802006a2 802006a2        0     1                 
802006a2 802006a2        0     1                 
802006a4 802006a4        0     1                 
802006a4 802006a4        0     1                 
802006a6 802006a6        0     1                 
802006a6 802006a6        0     1                 
802006a8 802006a8        0     1                 
802006a8 802006a8        0     1                 
802006aa 802006aa        0     1                 
802006aa 802006aa        0     1                 
802006aa 802006aa        0     1                 
802006aa 802006aa        0     1                 
802006aa 802006aa        0     1                 
802006aa 802006aa       52     1                 proc_a_entry
802006b4 802006b4        0     1                 
802006be 802006be        0     1                 
802006be 802006be        0     1                 
802006ce 802006ce        0     1                 .LBB11_1
802006ce 802006ce        0     1                 
802006ce 802006ce        0     1                 
802006e4 802006e4        0     1                 
802006e4 802006e4        0     1                 
802006e8 802006e8        0     1                 
802006ec 802006ec        0     1                 
802006ee 802006ee        0     1                 
802006f0 802006f0        0     1                 
802006f2 802006f2        0     1                 
802006f2 802006f2        0     1                 
802006f4 802006f4        0     1                 
802006f4 802006f4        0     1                 .LBB11_2
802006f4 802006f4        0     1                 
802006f6 802006f6        0     1                 
802006f6 802006f6        0     1                 
802006f8 802006f8        0     1                 
802006f8 802006f8        0     1                 
802006fc 802006fc        0     1                 
802006fc 802006fc        0     1                 
802006fc 802006fc        0     1                 
802006fc 802006fc        0     1                 
802006fc 802006fc        0     1                 
802006fc 802006fc        0     1                 
802006fc 802006fc       14     1                 putchar
8020070e 8020070e        0     1                 
8020070e 8020070e        0     1                 
80200710 80200710        0     1                 
80200710 80200710        0     1                 
80200710 80200710        0     1                 
80200710 80200710       46     1                 switch_context
80200756 80200756        0     1                 
80200756 80200756        0     1                 
80200756 80200756        0     1                 
80200756 80200756       52     1                 proc_b_entry
80200760 80200760        0     1                 
8020076a 8020076a        0     1                 
8020076a 8020076a        0     1                 
8020077a 8020077a        0     1                 .LBB14_1
8020077a 8020077a        0     1                 
8020077a 8020077a        0     1                 
80200790 80200790        0     1                 
80200790 80200790        0     1                 
80200794 80200794        0     1                 
80200798 80200798        0     1                 
8020079a 8020079a        0     1                 
8020079c 8020079c        0     1                 
8020079e 8020079e        0     1                 
8020079e 8020079e        0     1                 
802007a0 802007a0        0     1                 
802007a0 802007a0        0     1                 .LBB14_2
802007a0 802007a0        0     1                 
802007a2 802007a2        0     1                 
802007a2 802007a2        0     1                 
802007a4 802007a4        0     1                 
802007a4 802007a4        0     1                 
802007a8 802007a8        0     1                 
802007a8 802007a8        0     1                 
802007a8 802007a8        0     1                 
802007a8 802007a8        0     1                 
802007a8 802007a8        0     1                 
802007a8 802007a8        0     1                 
802007a8 802007a8       64     1                 stat_printer
802007b8 802007b8        0     1                 
802007c2 802007c2        0     1                 
802007c2 802007c2        0     1                 
802007e4 802007e4        0     1                 
802007e4 802007e4        0     1                 .LBB15_1
802007e4 802007e4        0     1                 
802007ea 802007ea        0     1                 
802007f2 802007f2        0     1                 
802007f2 802007f2        0     1                 
802007f4 802007f4        0     1                 
802007f4 802007f4        0     1                 .LBB15_2
802007f4 802007f4        0     1                 
802007f6 802007f6        0     1                 
802007f6 802007f6        0     1                 
802007f8 802007f8        0     1                 
802007f8 802007f8        0     1                 
802007fa 802007fa        0     1                 
802007fa 802007fa        0     1                 
802007fe 802007fe        0     1                 
80200802 80200802        0     1                 
80200804 80200804        0     1                 
80200806 80200806        0     1                 
80200808 80200808        0     1                 
8020080a 8020080a        0     1                 
8020080a 8020080a        0     1                 
8020080c 8020080c        0     1                 
8020080c 8020080c        0     1                 
8020080c 8020080c        0     1                 
8020080c 8020080c        0     1                 
8020080c 8020080c        0     1                 
8020080c 8020080c       6c     1                 countdown_process
8020081c 8020081c        0     1                 
80200826 80200826        0     1                 
80200826 80200826        0     1                 
8020082a 8020082a        0     1                 
8020084a 8020084a        0     1                 
8020084a 8020084a        0     1                 .LBB16_1
8020084a 8020084a        0     1                 
80200850 80200850        0     1                 
80200850 80200850        0     1                 
80200854 80200854        0     1                 
80200856 80200856        0     1                 
80200858 80200858        0     1                 .LBB16_3
80200858 80200858        0     1                 
80200858 80200858        0     1                 
8020085c 8020085c        0     1                 
8020085c 8020085c        0     1                 
80200860 80200860        0     1                 .LBB16_4
80200860 80200860        0     1                 
80200862 80200862        0     1                 
80200862 80200862        0     1                 .LBB16_5
80200862 80200862        0     1                 
80200864 80200864        0     1                 
80200864 80200864        0     1                 
80200866 80200866        0     1                 
80200866 80200866        0     1                 
80200868 80200868        0     1                 
80200868 80200868        0     1                 
8020086c 8020086c        0     1                 
80200870 80200870        0     1                 
80200872 80200872        0     1                 
80200874 80200874        0     1                 
80200876 80200876        0     1                 
80200876 80200876        0     1                 
80200878 80200878        0     1                 
80200878 80200878        0     1                 
80200878 80200878        0     1                 
80200878 80200878        0     1                 
80200878 80200878        0     1                 
80200878 80200878       22     1                 swaws
8020087c 8020087c        0     1                 
80200886 80200886        0     1                 
80200886 80200886        0     1                 
8020088e 8020088e        0     1                 .LBB17_1
8020088e 8020088e        0     1                 
8020088e 8020088e        0     1                 
80200890 80200890        0     1                 
80200890 80200890        0     1                 
80200892 80200892        0     1                 
80200892 80200892        0     1                 
80200894 80200894        0     1                 
80200894 80200894        0     1                 
80200896 80200896        0     1                 
8020089a 8020089a        0     1                 
8020089a 8020089a        0     1                 
8020089a 8020089a        0     1                 
8020089a 8020089a        0     1                 
8020089a 8020089a        0     1                 
8020089a 8020089a      1d4     1                 yield
802008a6 802008a6        0     1                 
802008aa 802008aa        0     1                 
802008aa 802008aa        0     1                 
802008b8 802008b8        0     1                 
802008cc 802008cc        0     1                 
802008cc 802008cc        0     1                 
802008d0 802008d0        0     1                 
802008d0 802008d0        0     1                 
802008d2 802008d2        0     1                 
802008d2 802008d2        0     1                 
802008d6 802008d6        0     1                 
802008d6 802008d6        0     1                 
802008d8 802008d8        0     1                 
802008dc 802008dc        0     1                 .LBB18_2
802008dc 802008dc        0     1                 
802008dc 802008dc        0     1                 
802008e0 802008e0        0     1                 
802008ec 802008ec        0     1                 
802008f8 802008f8        0     1                 
802008fc 802008fc        0     1                 
80200906 80200906        0     1                 
80200906 80200906        0     1                 
80200908 80200908        0     1                 
8020090c 8020090c        0     1                 .LBB18_4
8020090c 8020090c        0     1                 
8020090c 8020090c        0     1                 
80200910 80200910        0     1                 
8020091c 8020091c        0     1                 
80200934 80200934        0     1                 
80200938 80200938        0     1                 
80200938 80200938        0     1                 
8020093a 8020093a        0     1                 
8020093e 8020093e        0     1                 .LBB18_6
8020093e 8020093e        0     1                 
8020093e 8020093e        0     1                 
80200942 80200942        0     1                 
8020094e 8020094e        0     1                 
8020095a 8020095a        0     1                 
8020095e 8020095e        0     1                 
80200968 80200968        0     1                 
80200968 80200968        0     1                 
8020096a 8020096a        0     1                 
8020096e 8020096e        0     1                 .LBB18_8
8020096e 8020096e        0     1                 
8020096e 8020096e        0     1                 
80200972 80200972        0     1                 
8020097e 8020097e        0     1                 
80200996 80200996        0     1                 
8020099a 8020099a        0     1                 
8020099a 8020099a        0     1                 
8020099c 8020099c        0     1                 
802009a0 802009a0        0     1                 .LBB18_10
802009a0 802009a0        0     1                 
802009a0 802009a0        0     1                 
802009a4 802009a4        0     1                 
802009b0 802009b0        0     1                 
802009bc 802009bc        0     1                 
802009c0 802009c0        0     1                 
802009ca 802009ca        0     1                 
802009ca 802009ca        0     1                 
802009cc 802009cc        0     1                 
802009d0 802009d0        0     1                 .LBB18_12
802009d0 802009d0        0     1                 
802009d0 802009d0        0     1                 
802009d4 802009d4        0     1                 
802009e0 802009e0        0     1                 
802009f8 802009f8        0     1                 
802009fc 802009fc        0     1                 
802009fc 802009fc        0     1                 
802009fe 802009fe        0     1                 
80200a02 80200a02        0     1                 .LBB18_14
80200a02 80200a02        0     1                 
80200a02 80200a02        0     1                 
80200a04 80200a04        0     1                 
80200a10 80200a10        0     1                 
80200a1c 80200a1c        0     1                 
80200a20 80200a20        0     1                 
80200a2a 80200a2a        0     1                 
80200a2a 80200a2a        0     1                 
80200a2c 80200a2c        0     1                 
80200a30 80200a30        0     1                 .LBB18_16
80200a30 80200a30        0     1                 
80200a30 80200a30        0     1                 
80200a32 80200a32        0     1                 .LBB18_17
80200a32 80200a32        0     1                 
80200a32 80200a32        0     1                 
80200a36 80200a36        0     1                 
80200a36 80200a36        0     1                 
80200a3a 80200a3a        0     1                 
80200a40 80200a40        0     1                 
80200a48 80200a48        0     1                 
80200a4e 80200a4e        0     1                 
80200a52 80200a52        0     1                 
80200a56 80200a56        0     1                 
80200a5a 80200a5a        0     1                 
80200a6a 80200a6a        0     1                 
80200a6c 80200a6c        0     1                 .LBB18_19
80200a6c 80200a6c        0     1                 
80200a6c 80200a6c        0     1                 
80200a6e 80200a6e        0     1                 
80200a6e 80200a6e        0     1                 
80200a6e 80200a6e        0     1                 
80200a6e 80200a6e        0     1                 
80200a6e 80200a6e        0     1                 
80200a6e 80200a6e        6     1                 sbi_call
80200a72 80200a72        0     1                 
80200a72 80200a72        0     1                 
80200a74 80200a74        0     1                 
80200a74 80200a74        0     1                 
80200a74 80200a74        0     1                 
80200a74 80200a74       16     1                 getchar
80200a88 80200a88        0     1                 
80200a88 80200a88        0     1                 
80200a8a 80200a8a        0     1                 
80200a8a 80200a8a        0     1                 
80200a8a 80200a8a        0     1                 
80200a8a 80200a8a        0     1                 
80200a8a 80200a8a       7a     1                 kernel_main
80200a8e 80200a8e        0     1                 
80200aa4 80200aa4        0     1                 
80200aa4 80200aa4        0     1                 
80200aae 80200aae        0     1                 
80200aae 80200aae        0     1                 
80200ab6 80200ab6        0     1                 
80200aba 80200aba        0     1                 
80200aba 80200aba        0     1                 
80200abe 80200abe        0     1                 
80200abe 80200abe        0     1                 
80200ac4 80200ac4        0     1                 
80200ac4 80200ac4        0     1                 
80200acc 80200acc        0     1                 
80200ad0 80200ad0        0     1                 
80200ad8 80200ad8        0     1                 
80200aea 80200aea        0     1                 
80200aea 80200aea        0     1                 
80200aec 80200aec        0     1                 
80200aec 80200aec        0     1                 
80200b02 80200b02        0     1                 
80200b02 80200b02        0     1                 .LBB21_1
80200b04 80200b04        0     1                 
80200b04 80200b04        0     1                 
80200b04 80200b04        0     1                 
80200b04 80200b04        0     1                 
80200b04 80200b04        0     1                 
80200b04 80200b04       96     1                 kernel_entry
80200b9a 80200b9a        0     1                 
80200b9a 80200b9a        0     1                 
80200b9a 80200b9a        0     1                 
80200b9a 80200b9a        0     1                 
80200b9a 80200b9a        0     1                 
80200b9a 80200b9a       36     1                 virtq_kick
80200ba4 80200ba4        0     1                 
80200baa 80200baa        0     1                 
80200bac 80200bac        0     1                 
80200bae 80200bae        0     1                 
80200bb2 80200bb2        0     1                 
80200bb8 80200bb8        0     1                 
80200bbc 80200bbc        0     1                 
80200bbe 80200bbe        0     1                 
80200bbe 80200bbe        0     1                 
80200bc2 80200bc2        0     1                 
80200bc2 80200bc2        0     1                 
80200bc4 80200bc4        0     1                 
80200bce 80200bce        0     1                 
80200bd0 80200bd0        0     1                 
80200bd0 80200bd0        0     1                 
80200bd0 80200bd0        0     1                 
80200bd0 80200bd0       1a     1                 virtq_is_busy
80200bd6 80200bd6        0     1                 
80200bd8 80200bd8        0     1                 
80200bd8 80200bd8        0     1                 
80200bda 80200bda        0     1                 
80200bde 80200bde        0     1                 
80200be2 80200be2        0     1                 
80200be8 80200be8        0     1                 
80200bea 80200bea        0     1                 
80200bea 80200bea        0     1                 
80200bea 80200bea        0     1                 
80200bea 80200bea       86     1                 read_write_disk
80200bee 80200bee        0     1                 
80200bf0 80200bf0        0     1                 
80200bf4 80200bf4        0     1                 
80200bf8 80200bf8        0     1                 
80200c0e 80200c0e        0     1                 
80200c10 80200c10        0     1                 
80200c12 80200c12        0     1                 
80200c1a 80200c1a        0     1                 
80200c1c 80200c1c        0     1                 
80200c1e 80200c1e        0     1                 
80200c22 80200c22        0     1                 .LBB25_4
80200c22 80200c22        0     1                 
80200c22 80200c22        0     1                 
80200c26 80200c26        0     1                 
80200c2e 80200c2e        0     1                 
80200c36 80200c36        0     1                 
80200c3a 80200c3a        0     1                 
80200c3a 80200c3a        0     1                 .LBB25_5
80200c3c 80200c3c        0     1                 .LBB25_6
80200c3c 80200c3c        0     1                 
80200c54 80200c54        0     1                 
80200c54 80200c54        0     1                 .LBB25_7
80200c56 80200c56        0     1                 .LBB25_8
80200c56 80200c56        0     1                 
80200c6e 80200c6e        0     1                 
80200c6e 80200c6e        0     1                 .LBB25_9
80200c70 80200c70        0     1                 
80200c70 80200c70        0     1                 
80200c70 80200c70        0     1                 
80200c70 80200c70        0     1                 
80200c70 80200c70        0     1                 
80200c70 80200c70       42     1                 handle_trap
80200c76 80200c76        0     1                 
80200c76 80200c76        0     1                 
80200c7a 80200c7a        0     1                 
80200c7a 80200c7a        0     1                 
80200c7e 80200c7e        0     1                 
80200c7e 80200c7e        0     1                 
80200c80 80200c80        0     1                 
80200c80 80200c80        0     1                 
80200c84 80200c84        0     1                 
80200c84 80200c84        0     1                 
80200c88 80200c88        0     1                 
80200c88 80200c88        0     1                 
80200c8a 80200c8a        0     1                 
80200c8a 80200c8a        0     1                 
80200c8c 80200c8c        0     1                 
80200c8c 80200c8c        0     1                 
80200c94 80200c94        0     1                 
80200c94 80200c94        0     1                 
80200c98 80200c98        0     1                 .LBB26_2
80200c98 80200c98        0     1                 
80200c98 80200c98        0     1                 
80200c9c 80200c9c        0     1                 
80200cb0 80200cb0        0     1                 
80200cb0 80200cb0        0     1                 .LBB26_3
80200cb2 80200cb2        0     1                 
80200cb2 80200cb2        0     1                 
80200cb2 80200cb2        0     1                 
80200cb2 80200cb2        0     1                 
80200cb2 80200cb2        0     1                 
80200cb2 80200cb2      130     1                 handle_syscall
80200cb8 80200cb8        0     1                 
80200cba 80200cba        0     1                 
80200ce0 80200ce0        0     1                 
80200ce2 80200ce2        0     1                 
80200ce6 80200ce6        0     1                 
80200ce8 80200ce8        0     1                 
80200cec 80200cec        0     1                 
80200cee 80200cee        0     1                 
80200cf2 80200cf2        0     1                 
80200cf2 80200cf2        0     1                 
80200cf4 80200cf4        0     1                 
80200cf4 80200cf4        0     1                 
80200d08 80200d08        0     1                 
80200d08 80200d08        0     1                 
80200d0c 80200d0c        0     1                 
80200d0c 80200d0c        0     1                 .LBB27_6
80200d0c 80200d0c        0     1                 
80200d0e 80200d0e        0     1                 
80200d0e 80200d0e        0     1                 
80200d22 80200d22        0     1                 
80200d22 80200d22        0     1                 
80200d26 80200d26        0     1                 .LBB27_7
80200d26 80200d26        0     1                 
80200d26 80200d26        0     1                 
80200d3c 80200d3c        0     1                 
80200d42 80200d42        0     1                 .LBB27_8
80200d42 80200d42        0     1                 
80200d42 80200d42        0     1                 
80200d46 80200d46        0     1                 
80200d5a 80200d5a        0     1                 
80200d5a 80200d5a        0     1                 .LBB27_9
80200d5c 80200d5c        0     1                 .LBB27_10
80200d5c 80200d5c        0     1                 
80200d5c 80200d5c        0     1                 
80200d60 80200d60        0     1                 
80200d74 80200d74        0     1                 
80200d74 80200d74        0     1                 .LBB27_11
80200d76 80200d76        0     1                 .LBB27_12
80200d76 80200d76        0     1                 
80200d76 80200d76        0     1                 
80200d7e 80200d7e        0     1                 
80200d7e 80200d7e        0     1                 
80200d80 80200d80        0     1                 
80200d8a 80200d8a        0     1                 
80200d8a 80200d8a        0     1                 
80200d90 80200d90        0     1                 
80200d92 80200d92        0     1                 
80200d94 80200d94        0     1                 
80200d94 80200d94        0     1                 
80200daa 80200daa        0     1                 
80200daa 80200daa        0     1                 .LBB27_13
80200dac 80200dac        0     1                 .LBB27_14
80200dac 80200dac        0     1                 
80200dac 80200dac        0     1                 
80200db0 80200db0        0     1                 
80200db0 80200db0        0     1                 
80200dc2 80200dc2        0     1                 .LBB27_15
80200dc2 80200dc2        0     1                 
80200dc2 80200dc2        0     1                 
80200dc6 80200dc6        0     1                 
80200dca 80200dca        0     1                 .LBB27_16
80200dca 80200dca        0     1                 
80200dca 80200dca        0     1                 
80200dce 80200dce        0     1                 
80200de0 80200de0        0     1                 
80200de0 80200de0        0     1                 .LBB27_17
80200de2 80200de2        0     1                 
80200de2 80200de2        0     1                 
80200de2 80200de2      318     2         /tmp/common-ea6dc2.o:(.text)
80200de2 80200de2        0     1                 
80200de2 80200de2        0     1                 
80200de2 80200de2        0     1                 $x.0
80200de2 80200de2        0     1                 
80200de2 80200de2       2e     1                 strcmp
80200de6 80200de6        0     1                 
80200de8 80200de8        0     1                 
80200dea 80200dea        0     1                 
80200dea 80200dea        0     1                 .LBB0_2
80200dea 80200dea        0     1                 
80200df2 80200df2        0     1                 
80200df6 80200df6        0     1                 
80200df6 80200df6        0     1                 
80200dfa 80200dfa        0     1                 
80200dfc 80200dfc        0     1                 
80200dfe 80200dfe        0     1                 
80200e00 80200e00        0     1                 .LBB0_4
80200e00 80200e00        0     1                 
80200e06 80200e06        0     1                 .LBB0_5
80200e06 80200e06        0     1                 
80200e06 80200e06        0     1                 
80200e08 80200e08        0     1                 .LBB0_6
80200e08 80200e08        0     1                 
80200e08 80200e08        0     1                 
80200e0c 80200e0c        0     1                 
80200e0c 80200e0c        0     1                 
80200e0e 80200e0e        0     1                 
80200e10 80200e10        0     1                 
80200e10 80200e10        0     1                 
80200e10 80200e10        0     1                 
80200e10 80200e10        0     1                 
80200e10 80200e10        0     1                 
80200e10 80200e10       7c     1                 strcpy
80200e14 80200e14        0     1                 
80200e16 80200e16        0     1                 
80200e18 80200e18        0     1                 
80200e1c 80200e1c        0     1                 
80200e1c 80200e1c        0     1                 
80200e22 80200e22        0     1                 
80200e26 80200e26        0     1                 
80200e26 80200e26        0     1                 
80200e28 80200e28        0     1                 
80200e28 80200e28        0     1                 .LBB1_5
80200e28 80200e28        0     1                 
80200e2c 80200e2c        0     1                 
80200e30 80200e30        0     1                 
80200e34 80200e34        0     1                 
80200e34 80200e34        0     1                 
80200e36 80200e36        0     1                 
80200e36 80200e36        0     1                 
80200e3a 80200e3a        0     1                 .LBB1_6
80200e3a 80200e3a        0     1                 
80200e3a 80200e3a        0     1                 
80200e40 80200e40        0     1                 
80200e44 80200e44        0     1                 .LBB1_7
80200e44 80200e44        0     1                 
80200e44 80200e44        0     1                 
80200e48 80200e48        0     1                 
80200e50 80200e50        0     1                 
80200e5a 80200e5a        0     1                 
80200e5a 80200e5a        0     1                 .LBB1_8
80200e5c 80200e5c        0     1                 .LBB1_9
80200e5c 80200e5c        0     1                 
80200e5c 80200e5c        0     1                 
80200e60 80200e60        0     1                 
80200e68 80200e68        0     1                 
80200e72 80200e72        0     1                 
80200e72 80200e72        0     1                 .LBB1_10
80200e74 80200e74        0     1                 .LBB1_11
80200e74 80200e74        0     1                 
80200e74 80200e74        0     1                 
80200e78 80200e78        0     1                 
80200e80 80200e80        0     1                 
80200e8a 80200e8a        0     1                 
80200e8a 80200e8a        0     1                 .LBB1_12
80200e8c 80200e8c        0     1                 
80200e8c 80200e8c        0     1                 
80200e8c 80200e8c        0     1                 
80200e8c 80200e8c        0     1                 
80200e8c 80200e8c        0     1                 
80200e8c 80200e8c      1be     1                 printf
80200eaa 80200eaa        0     1                 
80200eba 80200eba        0     1                 
80200ee2 80200ee2        0     1                 .LBB2_1
80200ee2 80200ee2        0     1                 
80200ee6 80200ee6        0     1                 .LBB2_2
80200ee6 80200ee6        0     1                 
80200ee8 80200ee8        0     1                 .LBB2_3
80200ee8 80200ee8        0     1                 
80200eec 80200eec        0     1                 
80200ef4 80200ef4        0     1                 .LBB2_5
80200ef4 80200ef4        0     1                 
80200ef6 80200ef6        0     1                 
80200ef6 80200ef6        0     1                 
80200ef8 80200ef8        0     1                 
80200efa 80200efa        0     1                 .LBB2_6
80200efa 80200efa        0     1                 
80200efe 80200efe        0     1                 
80200f00 80200f00        0     1                 
80200f10 80200f10        0     1                 
80200f10 80200f10        0     1                 
80200f1c 80200f1c        0     1                 
80200f1c 80200f1c        0     1                 
80200f20 80200f20        0     1                 
80200f20 80200f20        0     1                 
80200f22 80200f22        0     1                 
80200f28 80200f28        0     1                 .LBB2_11
80200f28 80200f28        0     1                 
80200f28 80200f28        0     1                 
80200f30 80200f30        0     1                 
80200f30 80200f30        0     1                 
80200f3a 80200f3a        0     1                 
80200f3a 80200f3a        0     1                 
80200f3e 80200f3e        0     1                 
80200f3e 80200f3e        0     1                 
80200f40 80200f40        0     1                 
80200f44 80200f44        0     1                 
80200f48 80200f48        0     1                 
80200f48 80200f48        0     1                 
80200f4e 80200f4e        0     1                 
80200f4e 80200f4e        0     1                 
80200f50 80200f50        0     1                 
80200f54 80200f54        0     1                 
80200f58 80200f58        0     1                 
80200f58 80200f58        0     1                 
80200f5e 80200f5e        0     1                 
80200f5e 80200f5e        0     1                 
80200f60 80200f60        0     1                 
80200f64 80200f64        0     1                 
80200f68 80200f68        0     1                 
80200f68 80200f68        0     1                 
80200f6e 80200f6e        0     1                 
80200f6e 80200f6e        0     1                 
80200f70 80200f70        0     1                 
80200f74 80200f74        0     1                 
80200f78 80200f78        0     1                 
80200f78 80200f78        0     1                 
80200f7e 80200f7e        0     1                 
80200f7e 80200f7e        0     1                 
80200f80 80200f80        0     1                 
80200f84 80200f84        0     1                 
80200f88 80200f88        0     1                 
80200f88 80200f88        0     1                 
80200f8e 80200f8e        0     1                 
80200f8e 80200f8e        0     1                 
80200f90 80200f90        0     1                 
80200f94 80200f94        0     1                 
80200f98 80200f98        0     1                 
80200f98 80200f98        0     1                 
80200f9e 80200f9e        0     1                 
80200f9e 80200f9e        0     1                 
80200fa0 80200fa0        0     1                 
80200fa4 80200fa4        0     1                 
80200fa8 80200fa8        0     1                 
80200fa8 80200fa8        0     1                 
80200faa 80200faa        0     1                 
80200faa 80200faa        0     1                 
80200fac 80200fac        0     1                 
80200fb0 80200fb0        0     1                 
80200fb0 80200fb0        0     1                 
80200fb4 80200fb4        0     1                 
80200fb4 80200fb4        0     1                 
80200fb6 80200fb6        0     1                 
80200fb8 80200fb8        0     1                 .LBB2_14
80200fb8 80200fb8        0     1                 
80200fb8 80200fb8        0     1                 
80200fc2 80200fc2        0     1                 
80200fc2 80200fc2        0     1                 
80200fc6 80200fc6        0     1                 
80200fcc 80200fcc        0     1                 
80200fcc 80200fcc        0     1                 .LBB2_16
80200fcc 80200fcc        0     1                 
80200fd4 80200fd4        0     1                 
80200fd4 80200fd4        0     1                 
80200fd8 80200fd8        0     1                 
80200fda 80200fda        0     1                 
80200fde 80200fde        0     1                 .LBB2_17
80200fde 80200fde        0     1                 
80200fde 80200fde        0     1                 
80200fe6 80200fe6        0     1                 
80200fe6 80200fe6        0     1                 
80200fea 80200fea        0     1                 
80200fea 80200fea        0     1                 
80200fec 80200fec        0     1                 
80200ff0 80200ff0        0     1                 .LBB2_18
80200ff0 80200ff0        0     1                 
80200ff2 80200ff2        0     1                 
80200ff2 80200ff2        0     1                 .LBB2_19
80200ff2 80200ff2        0     1                 
80200ff6 80200ff6        0     1                 
80200ffa 80200ffa        0     1                 
80200ffe 80200ffe        0     1                 .LBB2_20
80200ffe 80200ffe        0     1                 
80200ffe 80200ffe        0     1                 
80201000 80201000        0     1                 
80201000 80201000        0     1                 
80201004 80201004        0     1                 
80201008 80201008        0     1                 
80201010 80201010        0     1                 
80201010 80201010        0     1                 
80201018 80201018        0     1                 
8020101e 8020101e        0     1                 
8020101e 8020101e        0     1                 
80201024 80201024        0     1                 .LBB2_21
80201024 80201024        0     1                 
80201024 80201024        0     1                 
8020102c 8020102c        0     1                 .LBB2_22
8020102c 8020102c        0     1                 
8020102c 8020102c        0     1                 
80201030 80201030        0     1                 
80201046 80201046        0     1                 
8020104a 8020104a        0     1                 
8020104a 8020104a        0     1                 
8020104a 8020104a        0     1                 
8020104a 8020104a        0     1                 
8020104a 8020104a        0     1                 
8020104a 8020104a       3a     1                 memset
8020104e 8020104e        0     1                 
80201050 80201050        0     1                 
80201050 80201050        0     1                 
80201054 80201054        0     1                 
80201054 80201054        0     1                 
80201056 80201056        0     1                 
80201056 80201056        0     1                 .LBB3_3
80201056 80201056        0     1                 
8020105a 8020105a        0     1                 
8020105a 8020105a        0     1                 
8020105e 8020105e        0     1                 
80201060 80201060        0     1                 
80201064 80201064        0     1                 .LBB3_4
80201064 80201064        0     1                 
80201066 80201066        0     1                 
8020106a 8020106a        0     1                 .LBB3_5
8020106a 8020106a        0     1                 
8020106a 8020106a        0     1                 
8020106e 8020106e        0     1                 
80201076 80201076        0     1                 
8020107e 8020107e        0     1                 
80201082 80201082        0     1                 
80201082 80201082        0     1                 .LBB3_6
80201084 80201084        0     1                 
80201084 80201084        0     1                 
80201084 80201084        0     1                 
80201084 80201084        0     1                 
80201084 80201084        0     1                 
80201084 80201084       76     1                 memcpy
80201088 80201088        0     1                 
8020108a 8020108a        0     1                 
8020108c 8020108c        0     1                 
8020108e 8020108e        0     1                 
80201090 80201090        0     1                 
80201090 80201090        0     1                 
80201092 80201092        0     1                 
80201092 80201092        0     1                 .LBB4_4
80201092 80201092        0     1                 
80201096 80201096        0     1                 
80201098 80201098        0     1                 
8020109c 8020109c        0     1                 
8020109c 8020109c        0     1                 
802010a0 802010a0        0     1                 
802010a2 802010a2        0     1                 
802010a8 802010a8        0     1                 
802010ac 802010ac        0     1                 .LBB4_6
802010ac 802010ac        0     1                 
802010ac 802010ac        0     1                 
802010b0 802010b0        0     1                 
802010b8 802010b8        0     1                 
802010c0 802010c0        0     1                 
802010c4 802010c4        0     1                 
802010c4 802010c4        0     1                 .LBB4_7
802010c6 802010c6        0     1                 .LBB4_8
802010c6 802010c6        0     1                 
802010c6 802010c6        0     1                 
802010ca 802010ca        0     1                 
802010d2 802010d2        0     1                 
802010da 802010da        0     1                 
802010de 802010de        0     1                 
802010de 802010de        0     1                 .LBB4_9
802010e0 802010e0        0     1                 .LBB4_10
802010e0 802010e0        0     1                 
802010e0 802010e0        0     1                 
802010e4 802010e4        0     1                 
802010ec 802010ec        0     1                 
802010f4 802010f4        0     1                 
802010f8 802010f8        0     1                 
802010f8 802010f8        0     1                 .LBB4_11
802010fa 802010fa        0     1                 
802010fa 802010fa        0     1                 
802010fc 802010fc      2db     4 .rodata
802010fc 802010fc      2db     1         <internal>:(.rodata.str1.1)
802013d8 802013d8    10490     4 .data
802013d8 802013d8    10490     1         shell.bin.o:(.data)
802013d8 802013d8        0     1                 _binary_shell_bin_start
80211868 80211868        0     1                 _binary_shell_bin_end
80211868 80211868        4     4 .sdata
80211868 80211868        4     4         /tmp/kernel-41a654.o:(.sdata)
80211868 80211868        4     1                 alloc_pages.next_paddr
80211868 80211868        0     1                 $d.5
80211870 80211870    100a8     8 .bss
80211870 80211870        0     1         __bss = .
80211870 80211870       28     8         /tmp/kernel-41a654.o:(.sbss)
80211870 80211870        0     1                 $d.3
80211870 80211870        4     1                 blk_request_vq
80211878 80211878        8     1                 blk_capacity
80211880 80211880        4     1                 blk_req_paddr
80211884 80211884        4     1                 blk_req
80211888 80211888        4     1                 proc_a
8021188c 8021188c        4     1                 proc_b
80211890 80211890        4     1                 idle_proc
80211894 80211894        4     1                 current_proc
80211898 80211898    10080     4         /tmp/kernel-41a654.o:(.bss)
80211898 80211898        0     1                 $d.4
80211898 80211898    10080     1                 procs
80221918 80221918        0     1         __bss_end = .
80221918 80221918        0     1 . = ALIGN ( 4 )
80221918 80221918    20000     1 . += 128 * 1024
80241918 80241918        0     1 __stack_top = .
80241918 80241918      6e8     1 . = ALIGN ( 4096 )
80242000 80242000        0     1 __free_ram = .
80242000 80242000  4000000     1 . += 64 * 1024 * 1024
84242000 84242000        0     1 __free_ram_end = .
       0        0     12c5     1 .debug_loc
       0        0      ee3     1         /tmp/kernel-41a654.o:(.debug_loc)
       0        0        0     1                 
       0        0        0     1                 $d.6
      28       28        0     1                 
      5c       5c        0     1                 
      82       82        0     1                 
      a8       a8        0     1                 
      ce       ce        0     1                 
      f6       f6        0     1                 
     11c      11c        0     1                 
     137      137        0     1                 
     152      152        0     1                 
     16d      16d        0     1                 
     188      188        0     1                 
     1a3      1a3        0     1                 
     1d4      1d4        0     1                 
     1ef      1ef        0     1                 
     20b      20b        0     1                 
     231      231        0     1                 
     257      257        0     1                 
     272      272        0     1                 
     298      298        0     1                 
     2be      2be        0     1                 
     2ef      2ef        0     1                 
     320      320        0     1                 
     40d      40d        0     1                 
     434      434        0     1                 
     490      490        0     1                 
     4ab      4ab        0     1                 
     4c7      4c7        0     1                 
     4ed      4ed        0     1                 
     508      508        0     1                 
     523      523        0     1                 
     53e      53e        0     1                 
     559      559        0     1                 
     575      575        0     1                 
     590      590        0     1                 
     5c2      5c2        0     1                 
     5e8      5e8        0     1                 
     618      618        0     1                 
     633      633        0     1                 
     65b      65b        0     1                 
     681      681        0     1                 
     6b2      6b2        0     1                 
     6f9      6f9        0     1                 
     740      740        0     1                 
     787      787        0     1                 
     7a2      7a2        0     1                 
     7bd      7bd        0     1                 
     7d8      7d8        0     1                 
     817      817        0     1                 
     835      835        0     1                 
     852      852        0     1                 
     891      891        0     1                 
     8ac      8ac        0     1                 
     8c9      8c9        0     1                 
     8e7      8e7        0     1                 
     904      904        0     1                 
     943      943        0     1                 
     96b      96b        0     1                 
     9aa      9aa        0     1                 
     9e9      9e9        0     1                 
     a28      a28        0     1                 
     a67      a67        0     1                 
     acf      acf        0     1                 
     b54      b54        0     1                 
     b7a      b7a        0     1                 
     b95      b95        0     1                 
     bb0      bb0        0     1                 
     bcb      bcb        0     1                 
     bf3      bf3        0     1                 
     c10      c10        0     1                 
     c2d      c2d        0     1                 
     c48      c48        0     1                 
     c63      c63        0     1                 
     c7e      c7e        0     1                 
     c99      c99        0     1                 
     cbf      cbf        0     1                 
     ce5      ce5        0     1                 
     d0b      d0b        0     1                 
     d31      d31        0     1                 
     d57      d57        0     1                 
     d7d      d7d        0     1                 
     d98      d98        0     1                 
     dbe      dbe        0     1                 
     e1b      e1b        0     1                 
     e5b      e5b        0     1                 
     e85      e85        0     1                 
     eab      eab        0     1                 
     ec6      ec6        0     1                 
     ee3      ee3      3e2     1         /tmp/common-ea6dc2.o:(.debug_loc)
     ee3      ee3        0     1                 
     ee3      ee3        0     1                 $d.2
     f19      f19        0     1                 
     f2c      f2c        0     1                 
     f55      f55        0     1                 
     f94      f94        0     1                 
     fbd      fbd        0     1                 
     fdb      fdb        0     1                 
     ff9      ff9        0     1                 
    1017     1017        0     1                 
    1058     1058        0     1                 
    10d5     10d5        0     1                 
    10e8     10e8        0     1                 
    1148     1148        0     1                 
    1173     1173        0     1                 
    1186     1186        0     1                 
    1199     1199        0     1                 
    11c4     11c4        0     1                 
    11f8     11f8        0     1                 
    1221     1221        0     1                 
    1255     1255        0     1                 
    1289     1289        0     1                 
    129c     129c        0     1                 
       0        0      47a     1 .debug_abbrev
       0        0      361     1         /tmp/kernel-41a654.o:(.debug_abbrev)
       0        0        0     1                 $d.7
     361      361      119     1         /tmp/common-ea6dc2.o:(.debug_abbrev)
     361      361        0     1                 $d.3
       0        0     1d17     1 .debug_info
       0        0     1971     1         /tmp/kernel-41a654.o:(.debug_info)
       0        0        0     1                 $d.8
    1971     1971      3a6     1         /tmp/common-ea6dc2.o:(.debug_info)
    1971     1971        0     1                 $d.4
       0        0      148     1 .debug_ranges
       0        0      130     1         /tmp/kernel-41a654.o:(.debug_ranges)
       0        0        0     1                 
       0        0        0     1                 $d.9
      20       20        0     1                 
      38       38        0     1                 
      50       50        0     1                 
      68       68        0     1                 
      80       80        0     1                 
      a0       a0        0     1                 
      b8       b8        0     1                 
      d0       d0        0     1                 
      e8       e8        0     1                 
     100      100        0     1                 
     118      118        0     1                 
     130      130       18     1         /tmp/common-ea6dc2.o:(.debug_ranges)
     130      130        0     1                 
     130      130        0     1                 $d.5
       0        0      5a2     1 .debug_str
       0        0      5a2     1         <internal>:(.debug_str)
       0        0       42     1 .comment
       0        0       42     1         <internal>:(.comment)
       0        0       2b     1 .riscv.attributes
       0        0       2b     1         <internal>:(.riscv.attributes)
       0        0      338     4 .debug_frame
       0        0      29c     4         /tmp/kernel-41a654.o:(.debug_frame)
       0        0        0     1                 
       0        0        0     1                 $d.13
     29c      29c       9c     4         /tmp/common-ea6dc2.o:(.debug_frame)
     29c      29c        0     1                 
     29c      29c        0     1                 $d.9
       0        0     13a1     1 .debug_line
       0        0      f7b     1         /tmp/kernel-41a654.o:(.debug_line)
       0        0        0     1                 .Lline_table_start0
       0        0        0     1                 $d.14
     f7b      f7b      426     1         /tmp/common-ea6dc2.o:(.debug_line)
     f7b      f7b        0     1                 .Lline_table_start0
     f7b      f7b        0     1                 $d.10
       0        0     5d30     4 .symtab
       0        0     5d30     4         <internal>:(.symtab)
       0        0       ad     1 .shstrtab
       0        0       ad     1         <internal>:(.shstrtab)
       0        0      32b     1 .strtab
       0        0      32b     1         <internal>:(.strtab)
