     VMA      LMA     Size Align Out     In      Symbol
       0        0  1000000     1 . = 0x1000000
 1000000  1000000      3f8     2 .text
 1000000  1000000        e     2         /tmp/user-cf08dd.o:(.text.start)
 1000000  1000000        0     1                 
 1000000  1000000        0     1                 
 1000000  1000000        0     1                 $x.1
 1000000  1000000        0     1                 
 1000000  1000000        e     1                 start
 100000e  100000e        0     1                 
 100000e  100000e        0     1                 
 100000e  100000e       b2     2         /tmp/shell-a35574.o:(.text)
 100000e  100000e        0     1                 
 100000e  100000e        0     1                 
 100000e  100000e        0     1                 $x.0
 100000e  100000e        0     1                 
 100000e  100000e       b2     1                 main
 1000064  1000064        0     1                 .LBB0_1
 1000064  1000064        0     1                 
 1000064  1000064        0     1                 
 1000068  1000068        0     1                 .LBB0_2
 1000068  1000068        0     1                 
 1000068  1000068        0     1                 
 100006c  100006c        0     1                 
 100006c  100006c        0     1                 
 100006e  100006e        0     1                 
 1000070  1000070        0     1                 
 1000074  1000074        0     1                 
 1000076  1000076        0     1                 
 1000076  1000076        0     1                 
 100007c  100007c        0     1                 
 100007c  100007c        0     1                 .LBB0_3
 100007c  100007c        0     1                 
 1000080  1000080        0     1                 
 1000084  1000084        0     1                 
 1000088  1000088        0     1                 
 1000088  1000088        0     1                 
 100008a  100008a        0     1                 
 100008c  100008c        0     1                 
 1000090  1000090        0     1                 
 1000092  1000092        0     1                 
 1000092  1000092        0     1                 
 1000096  1000096        0     1                 
 1000096  1000096        0     1                 
 1000098  1000098        0     1                 
 100009c  100009c        0     1                 
 100009c  100009c        0     1                 
 100009e  100009e        0     1                 .LBB0_6
 100009e  100009e        0     1                 
 100009e  100009e        0     1                 
 10000a2  10000a2        0     1                 
 10000a2  10000a2        0     1                 
 10000a6  10000a6        0     1                 
 10000a6  10000a6        0     1                 
 10000ac  10000ac        0     1                 
 10000ac  10000ac        0     1                 
 10000ae  10000ae        0     1                 
 10000ae  10000ae        0     1                 
 10000b4  10000b4        0     1                 
 10000b4  10000b4        0     1                 
 10000b6  10000b6        0     1                 
 10000bc  10000bc        0     1                 
 10000bc  10000bc        0     1                 
 10000be  10000be        0     1                 .LBB0_9
 10000be  10000be        0     1                 
 10000c0  10000c0        0     1                 
 10000c0  10000c0        0     1                 
 10000c0  10000c0        0     1                 
 10000c0  10000c0       38     2         /tmp/user-cf08dd.o:(.text)
 10000c0  10000c0        0     1                 
 10000c0  10000c0        0     1                 
 10000c0  10000c0        0     1                 $x.0
 10000c0  10000c0        0     1                 
 10000c0  10000c0        c     1                 putchar
 10000ca  10000ca        0     1                 
 10000cc  10000cc        0     1                 
 10000cc  10000cc        0     1                 
 10000cc  10000cc        0     1                 
 10000cc  10000cc       10     1                 syscall
 10000ce  10000ce        0     1                 
 10000da  10000da        0     1                 
 10000dc  10000dc        0     1                 
 10000dc  10000dc        0     1                 
 10000dc  10000dc        0     1                 
 10000dc  10000dc        e     1                 getchar
 10000e8  10000e8        0     1                 
 10000ea  10000ea        0     1                 
 10000ea  10000ea        0     1                 
 10000ea  10000ea        0     1                 
 10000ea  10000ea        e     1                 exit
 10000f6  10000f6        0     1                 .LBB3_1
 10000f6  10000f6        0     1                 
 10000f8  10000f8        0     1                 
 10000f8  10000f8        0     1                 
 10000f8  10000f8      300     2         /tmp/common-e52e17.o:(.text)
 10000f8  10000f8        0     1                 
 10000f8  10000f8        0     1                 
 10000f8  10000f8        0     1                 $x.0
 10000f8  10000f8        0     1                 
 10000f8  10000f8       2e     1                 strcmp
 10000fc  10000fc        0     1                 
 10000fe  10000fe        0     1                 
 1000100  1000100        0     1                 
 1000100  1000100        0     1                 .LBB0_2
 1000100  1000100        0     1                 
 1000108  1000108        0     1                 
 100010c  100010c        0     1                 
 100010c  100010c        0     1                 
 1000110  1000110        0     1                 
 1000112  1000112        0     1                 
 1000114  1000114        0     1                 
 1000116  1000116        0     1                 .LBB0_4
 1000116  1000116        0     1                 
 100011c  100011c        0     1                 .LBB0_5
 100011c  100011c        0     1                 
 100011c  100011c        0     1                 
 100011e  100011e        0     1                 .LBB0_6
 100011e  100011e        0     1                 
 100011e  100011e        0     1                 
 1000122  1000122        0     1                 
 1000122  1000122        0     1                 
 1000124  1000124        0     1                 
 1000126  1000126        0     1                 
 1000126  1000126        0     1                 
 1000126  1000126        0     1                 
 1000126  1000126        0     1                 
 1000126  1000126        0     1                 
 1000126  1000126       7c     1                 strcpy
 100012a  100012a        0     1                 
 100012c  100012c        0     1                 
 100012e  100012e        0     1                 
 1000132  1000132        0     1                 
 1000132  1000132        0     1                 
 1000138  1000138        0     1                 
 100013c  100013c        0     1                 
 100013c  100013c        0     1                 
 100013e  100013e        0     1                 
 100013e  100013e        0     1                 .LBB1_5
 100013e  100013e        0     1                 
 1000142  1000142        0     1                 
 1000146  1000146        0     1                 
 100014a  100014a        0     1                 
 100014a  100014a        0     1                 
 100014c  100014c        0     1                 
 100014c  100014c        0     1                 
 1000150  1000150        0     1                 .LBB1_6
 1000150  1000150        0     1                 
 1000150  1000150        0     1                 
 1000156  1000156        0     1                 
 100015a  100015a        0     1                 .LBB1_7
 100015a  100015a        0     1                 
 100015a  100015a        0     1                 
 100015e  100015e        0     1                 
 1000166  1000166        0     1                 
 1000170  1000170        0     1                 
 1000170  1000170        0     1                 .LBB1_8
 1000172  1000172        0     1                 .LBB1_9
 1000172  1000172        0     1                 
 1000172  1000172        0     1                 
 1000176  1000176        0     1                 
 100017e  100017e        0     1                 
 1000188  1000188        0     1                 
 1000188  1000188        0     1                 .LBB1_10
 100018a  100018a        0     1                 .LBB1_11
 100018a  100018a        0     1                 
 100018a  100018a        0     1                 
 100018e  100018e        0     1                 
 1000196  1000196        0     1                 
 10001a0  10001a0        0     1                 
 10001a0  10001a0        0     1                 .LBB1_12
 10001a2  10001a2        0     1                 
 10001a2  10001a2        0     1                 
 10001a2  10001a2        0     1                 
 10001a2  10001a2        0     1                 
 10001a2  10001a2        0     1                 
 10001a2  10001a2      1a6     1                 printf
 10001c0  10001c0        0     1                 
 10001d0  10001d0        0     1                 
 10001f8  10001f8        0     1                 .LBB2_1
 10001f8  10001f8        0     1                 
 10001fc  10001fc        0     1                 .LBB2_2
 10001fc  10001fc        0     1                 
 10001fe  10001fe        0     1                 .LBB2_3
 10001fe  10001fe        0     1                 
 1000202  1000202        0     1                 
 100020a  100020a        0     1                 .LBB2_5
 100020a  100020a        0     1                 
 100020c  100020c        0     1                 
 100020c  100020c        0     1                 
 100020e  100020e        0     1                 
 1000210  1000210        0     1                 .LBB2_6
 1000210  1000210        0     1                 
 1000214  1000214        0     1                 
 1000216  1000216        0     1                 
 1000226  1000226        0     1                 
 1000226  1000226        0     1                 
 1000232  1000232        0     1                 
 1000232  1000232        0     1                 
 1000236  1000236        0     1                 
 1000236  1000236        0     1                 
 1000238  1000238        0     1                 
 100023e  100023e        0     1                 .LBB2_11
 100023e  100023e        0     1                 
 100023e  100023e        0     1                 
 1000246  1000246        0     1                 
 1000246  1000246        0     1                 
 1000250  1000250        0     1                 
 1000250  1000250        0     1                 
 1000254  1000254        0     1                 
 1000254  1000254        0     1                 
 1000256  1000256        0     1                 
 100025a  100025a        0     1                 
 100025c  100025c        0     1                 
 100025c  100025c        0     1                 
 1000262  1000262        0     1                 
 1000262  1000262        0     1                 
 1000264  1000264        0     1                 
 1000268  1000268        0     1                 
 100026a  100026a        0     1                 
 100026a  100026a        0     1                 
 1000270  1000270        0     1                 
 1000270  1000270        0     1                 
 1000272  1000272        0     1                 
 1000276  1000276        0     1                 
 1000278  1000278        0     1                 
 1000278  1000278        0     1                 
 100027e  100027e        0     1                 
 100027e  100027e        0     1                 
 1000280  1000280        0     1                 
 1000284  1000284        0     1                 
 1000286  1000286        0     1                 
 1000286  1000286        0     1                 
 100028c  100028c        0     1                 
 100028c  100028c        0     1                 
 100028e  100028e        0     1                 
 1000292  1000292        0     1                 
 1000294  1000294        0     1                 
 1000294  1000294        0     1                 
 100029a  100029a        0     1                 
 100029a  100029a        0     1                 
 100029c  100029c        0     1                 
 10002a0  10002a0        0     1                 
 10002a2  10002a2        0     1                 
 10002a2  10002a2        0     1                 
 10002a8  10002a8        0     1                 
 10002a8  10002a8        0     1                 
 10002aa  10002aa        0     1                 
 10002ae  10002ae        0     1                 
 10002b0  10002b0        0     1                 
 10002b0  10002b0        0     1                 
 10002b2  10002b2        0     1                 
 10002b2  10002b2        0     1                 
 10002b4  10002b4        0     1                 
 10002b8  10002b8        0     1                 
 10002b8  10002b8        0     1                 
 10002ba  10002ba        0     1                 
 10002ba  10002ba        0     1                 
 10002bc  10002bc        0     1                 
 10002be  10002be        0     1                 .LBB2_14
 10002be  10002be        0     1                 
 10002be  10002be        0     1                 
 10002c8  10002c8        0     1                 
 10002c8  10002c8        0     1                 
 10002cc  10002cc        0     1                 
 10002d2  10002d2        0     1                 
 10002d2  10002d2        0     1                 .LBB2_16
 10002d2  10002d2        0     1                 
 10002d8  10002d8        0     1                 
 10002d8  10002d8        0     1                 
 10002dc  10002dc        0     1                 
 10002de  10002de        0     1                 
 10002e2  10002e2        0     1                 .LBB2_17
 10002e2  10002e2        0     1                 
 10002e2  10002e2        0     1                 
 10002e8  10002e8        0     1                 
 10002e8  10002e8        0     1                 
 10002ec  10002ec        0     1                 
 10002ec  10002ec        0     1                 
 10002ee  10002ee        0     1                 
 10002f2  10002f2        0     1                 .LBB2_18
 10002f2  10002f2        0     1                 
 10002f4  10002f4        0     1                 
 10002f4  10002f4        0     1                 .LBB2_19
 10002f4  10002f4        0     1                 
 10002f8  10002f8        0     1                 
 10002fc  10002fc        0     1                 
 1000300  1000300        0     1                 .LBB2_20
 1000300  1000300        0     1                 
 1000300  1000300        0     1                 
 1000302  1000302        0     1                 
 1000302  1000302        0     1                 
 1000306  1000306        0     1                 
 100030a  100030a        0     1                 
 1000310  1000310        0     1                 
 1000310  1000310        0     1                 
 1000318  1000318        0     1                 
 100031e  100031e        0     1                 
 100031e  100031e        0     1                 
 1000324  1000324        0     1                 .LBB2_21
 1000324  1000324        0     1                 
 1000324  1000324        0     1                 
 100032a  100032a        0     1                 .LBB2_22
 100032a  100032a        0     1                 
 100032a  100032a        0     1                 
 100032e  100032e        0     1                 
 1000344  1000344        0     1                 
 1000348  1000348        0     1                 
 1000348  1000348        0     1                 
 1000348  1000348        0     1                 
 1000348  1000348        0     1                 
 1000348  1000348        0     1                 
 1000348  1000348       3a     1                 memset
 100034c  100034c        0     1                 
 100034e  100034e        0     1                 
 100034e  100034e        0     1                 
 1000352  1000352        0     1                 
 1000352  1000352        0     1                 
 1000354  1000354        0     1                 
 1000354  1000354        0     1                 .LBB3_3
 1000354  1000354        0     1                 
 1000358  1000358        0     1                 
 1000358  1000358        0     1                 
 100035c  100035c        0     1                 
 100035e  100035e        0     1                 
 1000362  1000362        0     1                 .LBB3_4
 1000362  1000362        0     1                 
 1000364  1000364        0     1                 
 1000368  1000368        0     1                 .LBB3_5
 1000368  1000368        0     1                 
 1000368  1000368        0     1                 
 100036c  100036c        0     1                 
 1000374  1000374        0     1                 
 100037c  100037c        0     1                 
 1000380  1000380        0     1                 
 1000380  1000380        0     1                 .LBB3_6
 1000382  1000382        0     1                 
 1000382  1000382        0     1                 
 1000382  1000382        0     1                 
 1000382  1000382        0     1                 
 1000382  1000382        0     1                 
 1000382  1000382       76     1                 memcpy
 1000386  1000386        0     1                 
 1000388  1000388        0     1                 
 100038a  100038a        0     1                 
 100038c  100038c        0     1                 
 100038e  100038e        0     1                 
 100038e  100038e        0     1                 
 1000390  1000390        0     1                 
 1000390  1000390        0     1                 .LBB4_4
 1000390  1000390        0     1                 
 1000394  1000394        0     1                 
 1000396  1000396        0     1                 
 100039a  100039a        0     1                 
 100039a  100039a        0     1                 
 100039e  100039e        0     1                 
 10003a0  10003a0        0     1                 
 10003a6  10003a6        0     1                 
 10003aa  10003aa        0     1                 .LBB4_6
 10003aa  10003aa        0     1                 
 10003aa  10003aa        0     1                 
 10003ae  10003ae        0     1                 
 10003b6  10003b6        0     1                 
 10003be  10003be        0     1                 
 10003c2  10003c2        0     1                 
 10003c2  10003c2        0     1                 .LBB4_7
 10003c4  10003c4        0     1                 .LBB4_8
 10003c4  10003c4        0     1                 
 10003c4  10003c4        0     1                 
 10003c8  10003c8        0     1                 
 10003d0  10003d0        0     1                 
 10003d8  10003d8        0     1                 
 10003dc  10003dc        0     1                 
 10003dc  10003dc        0     1                 .LBB4_9
 10003de  10003de        0     1                 .LBB4_10
 10003de  10003de        0     1                 
 10003de  10003de        0     1                 
 10003e2  10003e2        0     1                 
 10003ea  10003ea        0     1                 
 10003f2  10003f2        0     1                 
 10003f6  10003f6        0     1                 
 10003f6  10003f6        0     1                 .LBB4_11
 10003f8  10003f8        0     1                 
 10003f8  10003f8        0     1                 
 10003f8  10003f8       95     4 .rodata
 10003f8  10003f8       95     1         <internal>:(.rodata.str1.1)
 1000490  1000490    10000     4 .bss
 1000490  1000490        0     1         . = ALIGN ( 16 )
 1000490  1000490    10000     1         . += 64 * 1024
 1010490  1010490        0     1         __stack_top = .
 1010490  1010490        0     1         
       0        0      5ee     1 .debug_loc
       0        0       66     1         /tmp/shell-a35574.o:(.debug_loc)
       0        0        0     1                 
       0        0        0     1                 $d.2
      48       48        0     1                 
      66       66      1a6     1         /tmp/user-cf08dd.o:(.debug_loc)
      66       66        0     1                 
      66       66        0     1                 $d.2
      81       81        0     1                 
      b2       b2        0     1                 
      d8       d8        0     1                 
      fe       fe        0     1                 
     124      124        0     1                 
     14a      14a        0     1                 
     170      170        0     1                 
     196      196        0     1                 
     1c7      1c7        0     1                 
     1ef      1ef        0     1                 
     20c      20c      3e2     1         /tmp/common-e52e17.o:(.debug_loc)
     20c      20c        0     1                 
     20c      20c        0     1                 $d.2
     242      242        0     1                 
     255      255        0     1                 
     27e      27e        0     1                 
     2bd      2bd        0     1                 
     2e6      2e6        0     1                 
     304      304        0     1                 
     322      322        0     1                 
     340      340        0     1                 
     381      381        0     1                 
     3fe      3fe        0     1                 
     411      411        0     1                 
     471      471        0     1                 
     49c      49c        0     1                 
     4af      4af        0     1                 
     4c2      4c2        0     1                 
     4ed      4ed        0     1                 
     521      521        0     1                 
     54a      54a        0     1                 
     57e      57e        0     1                 
     5b2      5b2        0     1                 
     5c5      5c5        0     1                 
       0        0      333     1 .debug_abbrev
       0        0      103     1         /tmp/shell-a35574.o:(.debug_abbrev)
       0        0        0     1                 $d.3
     103      103      117     1         /tmp/user-cf08dd.o:(.debug_abbrev)
     103      103        0     1                 $d.3
     21a      21a      119     1         /tmp/common-e52e17.o:(.debug_abbrev)
     21a      21a        0     1                 $d.3
       0        0      7d4     1 .debug_info
       0        0      217     1         /tmp/shell-a35574.o:(.debug_info)
       0        0        0     1                 $d.4
     217      217      217     1         /tmp/user-cf08dd.o:(.debug_info)
     217      217        0     1                 $d.4
     42e      42e      3a6     1         /tmp/common-e52e17.o:(.debug_info)
     42e      42e        0     1                 $d.4
       0        0      18d     1 .debug_str
       0        0      18d     1         <internal>:(.debug_str)
       0        0       42     1 .comment
       0        0       42     1         <internal>:(.comment)
       0        0       2b     1 .riscv.attributes
       0        0       2b     1         <internal>:(.riscv.attributes)
       0        0      144     4 .debug_frame
       0        0       44     4         /tmp/shell-a35574.o:(.debug_frame)
       0        0        0     1                 
       0        0        0     1                 $d.8
      44       44       64     4         /tmp/user-cf08dd.o:(.debug_frame)
      44       44        0     1                 
      44       44        0     1                 $d.9
      a8       a8       9c     4         /tmp/common-e52e17.o:(.debug_frame)
      a8       a8        0     1                 
      a8       a8        0     1                 $d.9
       0        0      5b7     1 .debug_line
       0        0      10a     1         /tmp/shell-a35574.o:(.debug_line)
       0        0        0     1                 .Lline_table_start0
       0        0        0     1                 $d.9
     10a      10a       87     1         /tmp/user-cf08dd.o:(.debug_line)
     10a      10a        0     1                 .Lline_table_start0
     10a      10a        0     1                 $d.10
     191      191      426     1         /tmp/common-e52e17.o:(.debug_line)
     191      191        0     1                 .Lline_table_start0
     191      191        0     1                 $d.10
       0        0       30     1 .debug_ranges
       0        0       18     1         /tmp/user-cf08dd.o:(.debug_ranges)
       0        0        0     1                 
       0        0        0     1                 $d.5
      18       18       18     1         /tmp/common-e52e17.o:(.debug_ranges)
      18       18        0     1                 
      18       18        0     1                 $d.5
       0        0     1dd0     4 .symtab
       0        0     1dd0     4         <internal>:(.symtab)
       0        0       a0     1 .shstrtab
       0        0       a0     1         <internal>:(.shstrtab)
       0        0      112     1 .strtab
       0        0      112     1         <internal>:(.strtab)
